---
source: crates/scad/src/syntax/lexer.rs
expression: tokens
---
[
    (
        WHITESPACE,
        "\n            ",
    ),
    (
        IDENTIFIER,
        "x",
    ),
    (
        EQUALS,
        "=",
    ),
    (
        WHITESPACE,
        " ",
    ),
    (
        NUMBER_LIT,
        "10",
    ),
    (
        SEMICOLON,
        ";",
    ),
    (
        WHITESPACE,
        " ",
    ),
    (
        IDENTIFIER,
        "y",
    ),
    (
        WHITESPACE,
        " ",
    ),
    (
        EQUALS,
        "=",
    ),
    (
        WHITESPACE,
        " ",
    ),
    (
        NUMBER_LIT,
        "10",
    ),
    (
        SEMICOLON,
        ";",
    ),
    (
        WHITESPACE,
        " ",
    ),
    (
        IDENTIFIER,
        "z",
    ),
    (
        WHITESPACE,
        " ",
    ),
    (
        EQUALS,
        "=",
    ),
    (
        WHITESPACE,
        " ",
    ),
    (
        NUMBER_LIT,
        "10",
    ),
    (
        SEMICOLON,
        ";",
    ),
    (
        WHITESPACE,
        " ",
    ),
    (
        COMMENT,
        "// point coordinates of end of cylinder",
    ),
    (
        WHITESPACE,
        "\n\n            ",
    ),
    (
        IDENTIFIER,
        "length",
    ),
    (
        WHITESPACE,
        " ",
    ),
    (
        EQUALS,
        "=",
    ),
    (
        WHITESPACE,
        " ",
    ),
    (
        IDENTIFIER,
        "norm",
    ),
    (
        L_PAREN,
        "(",
    ),
    (
        L_BRACKET,
        "[",
    ),
    (
        IDENTIFIER,
        "x",
    ),
    (
        COMMA,
        ",",
    ),
    (
        IDENTIFIER,
        "y",
    ),
    (
        COMMA,
        ",",
    ),
    (
        IDENTIFIER,
        "z",
    ),
    (
        R_BRACKET,
        "]",
    ),
    (
        R_PAREN,
        ")",
    ),
    (
        SEMICOLON,
        ";",
    ),
    (
        WHITESPACE,
        "  ",
    ),
    (
        COMMENT,
        "// radial distance",
    ),
    (
        WHITESPACE,
        "\n            ",
    ),
    (
        IDENTIFIER,
        "b",
    ),
    (
        WHITESPACE,
        " ",
    ),
    (
        EQUALS,
        "=",
    ),
    (
        WHITESPACE,
        " ",
    ),
    (
        IDENTIFIER,
        "acos",
    ),
    (
        L_PAREN,
        "(",
    ),
    (
        IDENTIFIER,
        "z",
    ),
    (
        SLASH,
        "/",
    ),
    (
        IDENTIFIER,
        "length",
    ),
    (
        R_PAREN,
        ")",
    ),
    (
        SEMICOLON,
        ";",
    ),
    (
        WHITESPACE,
        " ",
    ),
    (
        COMMENT,
        "// inclination angle",
    ),
    (
        WHITESPACE,
        "\n            ",
    ),
    (
        IDENTIFIER,
        "c",
    ),
    (
        WHITESPACE,
        " ",
    ),
    (
        EQUALS,
        "=",
    ),
    (
        WHITESPACE,
        " ",
    ),
    (
        IDENTIFIER,
        "atan2",
    ),
    (
        L_PAREN,
        "(",
    ),
    (
        IDENTIFIER,
        "y",
    ),
    (
        COMMA,
        ",",
    ),
    (
        IDENTIFIER,
        "x",
    ),
    (
        R_PAREN,
        ")",
    ),
    (
        SEMICOLON,
        ";",
    ),
    (
        WHITESPACE,
        "     ",
    ),
    (
        COMMENT,
        "// azimuthal angle",
    ),
    (
        WHITESPACE,
        "\n\n            ",
    ),
    (
        IDENTIFIER,
        "rotate",
    ),
    (
        L_PAREN,
        "(",
    ),
    (
        L_BRACKET,
        "[",
    ),
    (
        NUMBER_LIT,
        "0",
    ),
    (
        COMMA,
        ",",
    ),
    (
        WHITESPACE,
        " ",
    ),
    (
        IDENTIFIER,
        "b",
    ),
    (
        COMMA,
        ",",
    ),
    (
        WHITESPACE,
        " ",
    ),
    (
        IDENTIFIER,
        "c",
    ),
    (
        R_BRACKET,
        "]",
    ),
    (
        R_PAREN,
        ")",
    ),
    (
        WHITESPACE,
        "\n                ",
    ),
    (
        IDENTIFIER,
        "cylinder",
    ),
    (
        L_PAREN,
        "(",
    ),
    (
        IDENTIFIER,
        "h",
    ),
    (
        EQUALS,
        "=",
    ),
    (
        IDENTIFIER,
        "length",
    ),
    (
        COMMA,
        ",",
    ),
    (
        WHITESPACE,
        " ",
    ),
    (
        IDENTIFIER,
        "r",
    ),
    (
        EQUALS,
        "=",
    ),
    (
        NUMBER_LIT,
        "0.5",
    ),
    (
        R_PAREN,
        ")",
    ),
    (
        SEMICOLON,
        ";",
    ),
    (
        WHITESPACE,
        "\n            ",
    ),
    (
        PERCENT,
        "%",
    ),
    (
        IDENTIFIER,
        "cube",
    ),
    (
        L_PAREN,
        "(",
    ),
    (
        L_BRACKET,
        "[",
    ),
    (
        IDENTIFIER,
        "x",
    ),
    (
        COMMA,
        ",",
    ),
    (
        IDENTIFIER,
        "y",
    ),
    (
        COMMA,
        ",",
    ),
    (
        IDENTIFIER,
        "z",
    ),
    (
        R_BRACKET,
        "]",
    ),
    (
        R_PAREN,
        ")",
    ),
    (
        SEMICOLON,
        ";",
    ),
    (
        WHITESPACE,
        " ",
    ),
    (
        COMMENT,
        "// corner of cube should coincide with end of cylinder",
    ),
    (
        WHITESPACE,
        "\n        ",
    ),
]
