---
source: crates/syntax/src/grammar/expressions.rs
expression: single
---
Node(
    BIN_EXPR@0..3
      INTEGER@0..1 "1"
      PLUS@1..2 "+"
      INTEGER@2..3 "1"
    ,
)
