---
source: crates/syntax/src/grammar/expressions.rs
description: expr(true)
---
Token(
    TRUE_KW@0..4 "true",
)
