---
source: crates/syntax/src/grammar/expressions.rs
description: expr(undef)
---
Node(
    UNDEF_KW@0..5
      UNDEF_KW@0..5 "undef"
    ,
)
