---
source: crates/syntax/src/grammar/expressions.rs
description: expr(1 + 2*2)
---
Node(
    BIN_EXPR@0..5
      INTEGER@0..1
        INTEGER@0..1 "1"
      PLUS@1..2
        PLUS@1..2 "+"
      BIN_EXPR@2..5
        INTEGER@2..3
          INTEGER@2..3 "2"
        STAR@3..4
          STAR@3..4 "*"
        INTEGER@4..5
          INTEGER@4..5 "2"
    ,
)
