---
source: crates/syntax/src/grammar/mod.rs
expression: errors
---
[]
