---
source: crates/syntax/src/grammar/expressions.rs
description: expr(false)
---
Node(
    FALSE_KW@0..5
      FALSE_KW@0..5 "false"
    ,
)
