---
source: crates/syntax/src/grammar/top_level.rs
description: package()
---
Node(
    PACKAGE@0..0
    ,
)
