---
source: crates/syntax/src/grammar/expressions.rs
description: expr(1 + 5 - 1)
---
Node(
    BIN_EXPR@0..9
      INTEGER@0..1
        INTEGER@0..1 "1"
      PLUS@1..3
        WHITESPACE@1..2 " "
        PLUS@2..3 "+"
      INTEGER@3..5
        WHITESPACE@3..4 " "
        INTEGER@4..5 "5"
      MINUS@5..7
        WHITESPACE@5..6 " "
        MINUS@6..7 "-"
      INTEGER@7..9
        WHITESPACE@7..8 " "
        INTEGER@8..9 "1"
    ,
)
