---
source: crates/syntax/src/grammar/top_level.rs
expression: single
---
Node(
    USE@0..14
      USE_KW@0..3 "use"
      STRING@3..14 "\"./foo/bar\""
    ,
)
