---
source: crates/syntax/src/grammar/expressions.rs
expression: children
---
[
    Token(
        L_PAREN@0..1 "(",
    ),
    Token(
        INTEGER@1..3 "42",
    ),
    Token(
        R_PAREN@3..4 ")",
    ),
]
