---
source: crates/syntax/src/grammar/expressions.rs
description: expr(x)
---
Node(
    LOOKUP_EXPR@0..1
      IDENT@0..1 "x"
    ,
)
