---
source: crates/runtime/tests/integration-tests.rs
expression: output
input_file: crates/runtime/tests/run-pass/empty.scad
---
Output {
    geometry: [],
    printed: [],
}
