---
source: crates/runtime/tests/integration-tests.rs
description: x = y + 2;
input_file: crates/runtime/tests/run-fail/invalid-reference.scad
---
Result {
    output: Output {
        geometry: [],
        printed: [],
    },
    error: UnknownVariable {
        name: "y",
    },
}
